2025-04-26 13:05:11 - b
2025-04-26 13:05:11 - j
2025-04-26 13:05:11 - b
2025-04-26 13:05:11 - v
2025-04-26 13:05:11 - h
2025-04-26 13:05:11 - j
2025-04-26 13:05:11 - s
2025-04-26 13:05:11 - b
2025-04-26 13:05:11 - h
2025-04-26 13:05:11 - b
2025-04-26 13:05:11 - d
2025-04-26 13:05:11 - h
2025-04-26 13:05:11 - b
2025-04-26 13:05:11 - s
2025-04-26 13:05:11 - d
2025-04-26 13:05:11 - v
2025-04-26 13:05:11 - c
2025-04-26 13:05:11 - h
2025-04-26 13:05:11 - b
2025-04-26 13:05:11 - s
2025-04-26 13:05:12 - b
2025-04-26 13:05:12 - d
2025-04-26 13:05:12 - h
2025-04-26 13:05:12 - c
2025-04-26 13:05:12 - b
2025-04-26 13:05:12 - h
2025-04-26 13:05:12 - s
2025-04-26 13:05:12 - d
2025-04-26 13:05:12 - c
2025-04-26 13:05:12 - [ENTER]
2025-04-26 13:05:13 - j
2025-04-26 13:05:13 - k
2025-04-26 13:05:13 - h
2025-04-26 13:05:13 - j
2025-04-26 13:05:13 - s
2025-04-26 13:05:13 - k
2025-04-26 13:05:13 - d
2025-04-26 13:05:13 - j
2025-04-26 13:05:13 - f
2025-04-26 13:05:13 - b
2025-04-26 13:05:13 - b
2025-04-26 13:05:13 - n
2025-04-26 13:05:13 - s
2025-04-26 13:05:13 - d
2025-04-26 13:05:13 - f
2025-04-26 13:05:15 - [CTRL]
2025-04-26 13:05:16 - b
2025-04-26 13:05:18 - [CTRL]
2025-04-26 13:05:18 - b
2025-04-26 13:05:24 - [CTRL]
2025-04-26 13:05:25 - a
2025-04-26 13:05:25 - [CTRL]
2025-04-26 13:05:26 - c
2025-04-26 13:05:54 - l
2025-04-26 13:05:54 - e
2025-04-26 13:05:54 - w
2025-04-26 13:05:54 - w
2025-04-26 13:05:54 - =
2025-04-26 13:05:55 - [BACKSPACE]
2025-04-26 13:05:55 - [BACKSPACE]
2025-04-26 13:05:56 - [BACKSPACE]
2025-04-26 13:05:57 - e
2025-04-26 13:05:57 - t
2025-04-26 13:05:58 - c
2025-04-26 13:05:58 - o
2025-04-26 13:05:58 - d
2025-04-26 13:05:58 - e
2025-04-26 13:05:58 - [SPACE]
2025-04-26 13:05:58 - =
2025-04-26 13:05:59 - [BACKSPACE]
2025-04-26 13:05:59 - [BACKSPACE]
2025-04-26 13:06:00 - .
2025-04-26 13:06:00 - c
2025-04-26 13:06:00 - o
2025-04-26 13:06:00 - m
2025-04-26 13:06:00 - [ENTER]
